// Jest Snapshot v1, https://goo.gl/fbAQLP

exports[`Faq page expect faq page to render correctly 1`] = `
Object {
  "asFragment": [Function],
  "baseElement": <body>
    <div>
      <nav
        class="bg-white px-2 sm:px-4 py-2.5 fixed w-full z-20 top-0 left-0 border-b border-white"
      >
        <div
          class="container flex flex-wrap items-center justify-between mx-auto"
        >
          <a
            class="flex items-center"
            href="/"
          >
            <span
              class="self-center text-[#0056D6] text-3xl font-semibold whitespace-nowrap "
            >
              Catch
            </span>
            <span
              class="self-center text-black text-3xl font-semibold whitespace-nowrap"
            >
              Up
            </span>
          </a>
          <div
            class="flex md:order-2"
          >
            <a
              href="/sign_up"
            >
              <button
                class="text-white bg-[#0056D6] hover:bg-blue-800 focus:ring-4 focus:outline-none focus:ring-blue-300 font-medium rounded-lg text-sm px-5 py-2.5 text-center mr-3 md:mr-0 dark:bg-blue-600 dark:hover:bg-[#0056D6] dark:focus:ring-blue-800"
                type="button"
              >
                Sign up
              </button>
            </a>
            <button
              aria-controls="navbar-sticky"
              aria-expanded="false"
              class="inline-flex items-center p-2 text-sm text-gray-500 rounded-lg md:hidden hover:bg-gray-100 focus:outline-none focus:ring-2 focus:ring-gray-200 dark:text-gray-400 dark:hover:bg-gray-700 dark:focus:ring-gray-600"
              data-collapse-toggle="navbar-sticky"
              type="button"
            >
              <span
                class="sr-only"
              >
                Open main menu
              </span>
              <svg
                aria-hidden="true"
                class="w-6 h-6"
                fill="currentColor"
                viewBox="0 0 20 20"
                xmlns="http://www.w3.org/2000/svg"
              >
                <path
                  clipRule="evenodd"
                  d="M3 5a1 1 0 011-1h12a1 1 0 110 2H4a1 1 0 01-1-1zM3 10a1 1 0 011-1h12a1 1 0 110 2H4a1 1 0 01-1-1zM3 15a1 1 0 011-1h12a1 1 0 110 2H4a1 1 0 01-1-1z"
                  fillRule="evenodd"
                />
              </svg>
            </button>
          </div>
          <div
            class="items-center justify-between hidden w-full md:flex md:w-auto md:order-1"
            id="navbar-sticky"
          >
            <ul
              class="flex flex-col p-4 mt-4 border border-white rounded-lg bg-white md:flex-row md:space-x-8 md:mt-0 md:text-sm md:font-medium md:border-0 md:bg-white "
            >
              <li>
                <a
                  aria-current="page"
                  class="block py-2 pl-3 pr-4 text-white bg-[#0056D6] rounded md:bg-transparent md:text-[#0056D6] md:p-0 dark:text-white"
                  href="/howItWorks"
                >
                  How it works
                </a>
              </li>
              <li>
                <a
                  class="block py-2 pl-3 pr-4 text-black rounded hover:bg-gray-100 md:hover:bg-transparent md:hover:text-[#0056D6] md:p-0 "
                  href="/"
                >
                  Blog
                </a>
              </li>
              <li>
                <a
                  class="flex py-2 pl-3 pr-4 text-black rounded hover:bg-gray-100 md:hover:bg-transparent md:hover:text-[#0056D6] md:p-0 "
                  href="/"
                >
                  Company
                  <svg
                    class="w-5 h-5 ml-1"
                    fill="currentColor"
                    viewBox="0 0 20 20"
                    xmlns="http://www.w3.org/2000/svg"
                  >
                    <path
                      clipRule="evenodd"
                      d="M5.293 7.293a1 1 0 011.414 0L10 10.586l3.293-3.293a1 1 0 111.414 1.414l-4 4a1 1 0 01-1.414 0l-4-4a1 1 0 010-1.414z"
                      fillRule="evenodd"
                    />
                  </svg>
                </a>
              </li>
              <li>
                <a
                  class="block py-2 pl-3 pr-4 text-black rounded hover:bg-gray-100 md:hover:bg-transparent md:hover:text-[#0056D6] md:p-0 "
                  href="/"
                >
                  Features
                </a>
              </li>
            </ul>
          </div>
        </div>
      </nav>
      <section
        class="mt-[120px] lg:mt-[125px]"
      >
        <div
          class="flex flex-col justify-center items-center gap-y-3 lg:gap-y-6 mb-16 lg:mb-40"
        >
          <h2
            class="text-[#151517] font-bold text-xl lg:text-5xl"
          >
            Frequently Asked Questions
          </h2>
          <p
            class="text-[#9F9F9F] text-xs lg:text-2xl"
          >
            Everything to know about Catch - Up
          </p>
        </div>
        <div
          class="w-[90%] lg:w-6/12 m-auto"
        >
          <div
            class="block relative w-full"
          >
            <button
              class="flex justify-between items-center w-full py-4 border-b border-b-blue-gray-100 text-blue-gray-700 antialiased font-sans text-xl font-semibold leading-snug select-none hover:text-blue-gray-900 transition-colors !font-bold !text-xs lg:!text-xl !text-[#151517] !border-0 !border-[#fff]"
              type="button"
            >
              What is catch up?
              <span
                class="w-5 h-5 ml-4"
              >
                <svg
                  class=" h-5 w-5 transition-transform text-[#0056D6] border border-solid border-[#0056D6] p-1 rounded-full "
                  fill="none"
                  stroke="currentColor"
                  stroke-width="2"
                  viewBox="0 0 24 24"
                  xmlns="http://www.w3.org/2000/svg"
                >
                  <path
                    d="M19 9l-7 7-7-7"
                    stroke-linecap="round"
                    stroke-linejoin="round"
                  />
                </svg>
              </span>
            </button>
            <div
              class="overflow-hidden"
              style="height: 0px;"
            >
              <div
                class="block w-full py-4 text-gray-700 antialiased font-sans text-sm font-light leading-normal !text-[#616161] !text-[10px] lg:!text-sm"
                style="opacity: 0;"
              >
                It is an invitation, gathering, hangout management tool. it enables you to easily send, manage, vote, and receive invitations seamlessly.
              </div>
            </div>
          </div>
          <div
            class="block relative w-full"
          >
            <button
              class="flex justify-between items-center w-full py-4 border-b border-b-blue-gray-100 text-blue-gray-700 antialiased font-sans text-xl font-semibold leading-snug select-none hover:text-blue-gray-900 transition-colors !font-bold !text-xs lg:!text-xl !text-[#151517] !border-0 !border-[#fff]"
              type="button"
            >
              How do i create an invitation?
              <span
                class="w-5 h-5 ml-4"
              >
                <svg
                  class=" h-5 w-5 transition-transform text-[#0056D6] border border-solid border-[#0056D6] p-1 rounded-full "
                  fill="none"
                  stroke="currentColor"
                  stroke-width="2"
                  viewBox="0 0 24 24"
                  xmlns="http://www.w3.org/2000/svg"
                >
                  <path
                    d="M19 9l-7 7-7-7"
                    stroke-linecap="round"
                    stroke-linejoin="round"
                  />
                </svg>
              </span>
            </button>
            <div
              class="overflow-hidden"
              style="height: 0px;"
            >
              <div
                class="block w-full py-4 text-gray-700 antialiased font-sans text-sm font-light leading-normal !text-[#616161] !text-[10px] lg:!text-sm"
                style="opacity: 0;"
              >
                Please click on the New (+) at the bottom of the screen to start a new invitation or request a vote on time or location, fill all required fileds, and make sure to have at least one person invited to complete the process.
              </div>
            </div>
          </div>
          <div
            class="block relative w-full"
          >
            <button
              class="flex justify-between items-center w-full py-4 border-b border-b-blue-gray-100 text-blue-gray-700 antialiased font-sans text-xl font-semibold leading-snug select-none hover:text-blue-gray-900 transition-colors !font-bold !text-xs lg:!text-xl !text-[#151517] !border-0 !border-[#fff] !text-left"
              type="button"
            >
              Can I change my mind about an invitation I received?
              <span
                class="w-5 h-5 ml-4"
              >
                <svg
                  class=" h-5 w-5 transition-transform text-[#0056D6] border border-solid border-[#0056D6] p-1 rounded-full "
                  fill="none"
                  stroke="currentColor"
                  stroke-width="2"
                  viewBox="0 0 24 24"
                  xmlns="http://www.w3.org/2000/svg"
                >
                  <path
                    d="M19 9l-7 7-7-7"
                    stroke-linecap="round"
                    stroke-linejoin="round"
                  />
                </svg>
              </span>
            </button>
            <div
              class="overflow-hidden"
              style="height: 0px;"
            >
              <div
                class="block w-full py-4 text-gray-700 antialiased font-sans text-sm font-light leading-normal !text-[#616161] !text-[10px] lg:!text-sm"
                style="opacity: 0;"
              >
                Yes, you can reselect another reply to your received invitations if the event did not start yet. Once the event starts, you cannot change your reply
              </div>
            </div>
          </div>
          <div
            class="block relative w-full"
          >
            <button
              class="flex justify-between items-center w-full py-4 border-b border-b-blue-gray-100 text-blue-gray-700 antialiased font-sans text-xl font-semibold leading-snug select-none hover:text-blue-gray-900 transition-colors !font-bold !text-xs lg:!text-xl !text-[#151517] !border-0 !border-[#fff]"
              type="button"
            >
              Who should use catchup?
              <span
                class="w-5 h-5 ml-4"
              >
                <svg
                  class=" h-5 w-5 transition-transform text-[#0056D6] border border-solid border-[#0056D6] p-1 rounded-full "
                  fill="none"
                  stroke="currentColor"
                  stroke-width="2"
                  viewBox="0 0 24 24"
                  xmlns="http://www.w3.org/2000/svg"
                >
                  <path
                    d="M19 9l-7 7-7-7"
                    stroke-linecap="round"
                    stroke-linejoin="round"
                  />
                </svg>
              </span>
            </button>
            <div
              class="overflow-hidden"
              style="height: 0px;"
            >
              <div
                class="block w-full py-4 text-gray-700 antialiased font-sans text-sm font-light leading-normal !text-[#616161] !text-[10px] lg:!text-sm"
                style="opacity: 0;"
              >
                Anyone  struggling with their social life, trying to figure  out what works for them and their guest/friends. Now they can instantly find out when their friends are all free and make plans on the spot.
              </div>
            </div>
          </div>
          <div
            class="block relative w-full"
          >
            <button
              class="flex justify-between items-center w-full py-4 border-b border-b-blue-gray-100 text-blue-gray-700 antialiased font-sans text-xl font-semibold leading-snug select-none hover:text-blue-gray-900 transition-colors !font-bold !text-xs lg:!text-xl !text-[#151517] !border-0 !border-[#fff]"
              type="button"
            >
              How do I get help?
              <span
                class="w-5 h-5 ml-4"
              >
                <svg
                  class=" h-5 w-5 transition-transform text-[#0056D6] border border-solid border-[#0056D6] p-1 rounded-full "
                  fill="none"
                  stroke="currentColor"
                  stroke-width="2"
                  viewBox="0 0 24 24"
                  xmlns="http://www.w3.org/2000/svg"
                >
                  <path
                    d="M19 9l-7 7-7-7"
                    stroke-linecap="round"
                    stroke-linejoin="round"
                  />
                </svg>
              </span>
            </button>
            <div
              class="overflow-hidden"
              style="height: 0px;"
            >
              <div
                class="block w-full py-4 text-gray-700 antialiased font-sans text-sm font-light leading-normal !text-[#616161] !text-[10px] lg:!text-sm"
                style="opacity: 0;"
              >
                We have a live chat, offering support as fast as possible. Otherwise, you can always email us at support@catchup.com, and will get back to you within 24 hours.
              </div>
            </div>
          </div>
          <div
            class="block relative w-full"
          >
            <button
              class="flex justify-between items-center w-full py-4 border-b border-b-blue-gray-100 text-blue-gray-700 antialiased font-sans text-xl font-semibold leading-snug select-none hover:text-blue-gray-900 transition-colors !font-bold !text-xs lg:!text-xl !text-[#151517] !border-0 !border-[#fff]"
              type="button"
            >
              Can I add an event to my calendar?
              <span
                class="w-5 h-5 ml-4"
              >
                <svg
                  class=" h-5 w-5 transition-transform text-[#0056D6] border border-solid border-[#0056D6] p-1 rounded-full "
                  fill="none"
                  stroke="currentColor"
                  stroke-width="2"
                  viewBox="0 0 24 24"
                  xmlns="http://www.w3.org/2000/svg"
                >
                  <path
                    d="M19 9l-7 7-7-7"
                    stroke-linecap="round"
                    stroke-linejoin="round"
                  />
                </svg>
              </span>
            </button>
            <div
              class="overflow-hidden"
              style="height: 0px;"
            >
              <div
                class="block w-full py-4 text-gray-700 antialiased font-sans text-sm font-light leading-normal !text-[#616161] !text-[10px] lg:!text-sm"
                style="opacity: 0;"
              >
                Catch up would ask to get permission to your calender, If you allowed access, then events will be added to your calendar using the time zone of the location of the even
              </div>
            </div>
          </div>
          <div
            class="block relative w-full"
          >
            <button
              class="flex justify-between items-center w-full py-4 border-b border-b-blue-gray-100 text-blue-gray-700 antialiased font-sans text-xl font-semibold leading-snug select-none hover:text-blue-gray-900 transition-colors !font-bold !text-xs lg:!text-xl !text-[#151517] !border-0 !border-[#fff] !text-left"
              type="button"
            >
              Do I need to download the app to create or receive invite?
              <span
                class="w-5 h-5 ml-4"
              >
                <svg
                  class=" h-5 w-5 transition-transform text-[#0056D6] border border-solid border-[#0056D6] p-1 rounded-full "
                  fill="none"
                  stroke="currentColor"
                  stroke-width="2"
                  viewBox="0 0 24 24"
                  xmlns="http://www.w3.org/2000/svg"
                >
                  <path
                    d="M19 9l-7 7-7-7"
                    stroke-linecap="round"
                    stroke-linejoin="round"
                  />
                </svg>
              </span>
            </button>
            <div
              class="overflow-hidden"
              style="height: 0px;"
            >
              <div
                class="block w-full py-4 text-gray-700 antialiased font-sans text-sm font-light leading-normal !text-[#616161] !text-[10px] lg:!text-sm"
                style="opacity: 0;"
              >
                No, you don’t need to download  to create an invite. With access to your mobile phone or desktop that has internet you can utilize all the fuctions and features of the app.
              </div>
            </div>
          </div>
          <div
            class="block relative w-full"
          >
            <button
              class="flex justify-between items-center w-full py-4 border-b border-b-blue-gray-100 text-blue-gray-700 antialiased font-sans text-xl font-semibold leading-snug select-none hover:text-blue-gray-900 transition-colors !font-bold !text-xs lg:!text-xl !text-[#151517] !border-0 !border-[#fff]"
              type="button"
            >
              Can I invite friends from my contact list?
              <span
                class="w-5 h-5 ml-4"
              >
                <svg
                  class=" h-5 w-5 transition-transform text-[#0056D6] border border-solid border-[#0056D6] p-1 rounded-full "
                  fill="none"
                  stroke="currentColor"
                  stroke-width="2"
                  viewBox="0 0 24 24"
                  xmlns="http://www.w3.org/2000/svg"
                >
                  <path
                    d="M19 9l-7 7-7-7"
                    stroke-linecap="round"
                    stroke-linejoin="round"
                  />
                </svg>
              </span>
            </button>
            <div
              class="overflow-hidden"
              style="height: 0px;"
            >
              <div
                class="block w-full py-4 text-gray-700 antialiased font-sans text-sm font-light leading-normal !text-[#616161] !text-[10px] lg:!text-sm"
                style="opacity: 0;"
              >
                Catch up would ask to get permission from your contact list, if contact is allowed access, then you can add your contact to catch up.
              </div>
            </div>
          </div>
        </div>
        <div
          class="mt-[64px] mb-[60px] lg:mb-[108px] lg:mt-[137px] w-[90%] lg:w-[80%] mx-auto bg-[#E7F0FF] rounded flex flex-col justify-center items-center gap-y-[10px] lg:gap-y-6 py-5"
        >
          <div
            class="w-[46px] lg:w-[82px] h-15px lg:h-[30px]"
          >
            <img
              alt=""
              src="faq-models.png"
            />
          </div>
          <h3
            class="text-[#151517] font-bold text-xs lg:text-xl"
          >
            Still have questions?
          </h3>
          <p
            class="text-[#717172] text-[6px] lg:text-lg"
          >
            Can’t find the answer you’re looking for? Please, visit the Help Center for more help
          </p>
          <button
            class="bg-[#0056D6] rounded py-2.5 lg:py-3 px-6 lg:px-8 text-[#fff] font-bold text-sm lg:text-xl"
            type="button"
          >
            Get in touch
          </button>
        </div>
      </section>
      <footer
        class="bg-[#0056D6]"
      >
        <div
          class="mx-auto lg:mx-24 grid grid-cols-2 gap-8 py-8 px-6 md:grid-cols-5"
        >
          <div>
            <a
              class="flex items-center"
              href="/"
            >
              <span
                class="self-center text-white text-3xl font-semibold whitespace-nowrap "
              >
                Catch
              </span>
              <span
                class="self-center text-black text-3xl font-semibold whitespace-nowrap"
              >
                Up
              </span>
            </a>
          </div>
          <div>
            <h2
              class="mb-3 lg:mb-6 text-sm font-semibold text-gray-100 uppercase"
            >
              Company
            </h2>
            <ul
              class="text-gray-100"
            >
              <li
                class="mb-1 lg:mb-4"
              >
                <a
                  class=" hover:underline"
                  href="/"
                >
                  Careers
                </a>
              </li>
              <li
                class="mb-1 lg:mb-4"
              >
                <a
                  class=" hover:underline"
                  href="/"
                >
                  About us
                </a>
              </li>
              <li
                class="mb-1 lg:mb-4"
              >
                <a
                  class=" hover:underline"
                  href="/"
                >
                  Contact us
                </a>
              </li>
              <li
                class="mb-1 lg:mb-4"
              >
                <a
                  class=" hover:underline"
                  href="/"
                >
                  Partner with us
                </a>
              </li>
            </ul>
          </div>
          <div>
            <h2
              class="mb-3 lg:mb-6 text-sm font-semibold text-gray-100 uppercase"
            >
              Help center
            </h2>
            <ul
              class="text-gray-100"
            >
              <li
                class="mb-1 lg:mb-4"
              >
                <a
                  class=" hover:underline"
                  href="/"
                >
                  Blogs
                </a>
              </li>
              <li
                class="mb-1 lg:mb-4"
              >
                <a
                  class=" hover:underline"
                  href="/"
                >
                  Webinars
                </a>
              </li>
              <li
                class="mb-1 lg:mb-4"
              >
                <a
                  class=" hover:underline"
                  href="/"
                >
                  How it works
                </a>
              </li>
            </ul>
          </div>
          <div>
            <h2
              class="mb-3 lg:mb-6 text-sm font-semibold text-gray-100 uppercase"
            >
              Legal
            </h2>
            <ul
              class="text-gray-100"
            >
              <li
                class="mb-1 lg:mb-4"
              >
                <a
                  class=" hover:underline"
                  href="/"
                >
                  Security
                </a>
              </li>
              <li
                class="mb-1 lg:mb-4"
              >
                <a
                  class=" hover:underline"
                  href="/"
                >
                  Privacy policy
                </a>
              </li>
              <li
                class="mb-1 lg:mb-4"
              >
                <a
                  class=" hover:underline"
                  href="/"
                >
                  Cookies Setting
                </a>
              </li>
              <li
                class="mb-1 lg:mb-4"
              >
                <a
                  class=" hover:underline"
                  href="/"
                >
                  Terms & Conditions
                </a>
              </li>
            </ul>
          </div>
          <div>
            <h2
              class="mb-3 lg:mb-6 text-sm font-semibold text-gray-100 uppercase"
            >
              Download
            </h2>
            <ul
              class="text-gray-100"
            >
              <li
                class="mb-1 lg:mb-4"
              >
                <a
                  class=" hover:underline"
                  href="/"
                >
                  FAQs
                </a>
              </li>
              <li
                class="mb-1 lg:mb-4"
              >
                <a
                  class=" hover:underline"
                  href="/"
                >
                  Help Center
                </a>
              </li>
              <li
                class="mb-1 lg:mb-4"
              >
                <a
                  class=" hover:underline"
                  href="/"
                >
                  Customer support
                </a>
              </li>
            </ul>
          </div>
        </div>
        <div
          class="mx-auto lg:mx-24 py-6 px-4 md:flex md:items-center md:justify-between"
        >
          <span
            class="text-md text-gray-100 sm:text-center"
          >
            © 2022
            <a
              href="/"
            >
              TEAM PRYBAR™
            </a>
            . All Rights Reserved.
          </span>
          <div
            class="flex mt-1 text-md text-white space-x-6 sm:justify-center md:mt-0"
          >
            Made with love
            <svg
              fill="currentColor"
              height="1em"
              stroke="currentColor"
              stroke-width="0"
              viewBox="0 0 16 16"
              width="1em"
              xmlns="http://www.w3.org/2000/svg"
            >
              <path
                d="M4 1c2.21 0 4 1.755 4 3.92C8 2.755 9.79 1 12 1s4 1.755 4 3.92c0 3.263-3.234 4.414-7.608 9.608a.513.513 0 0 1-.784 0C3.234 9.334 0 8.183 0 4.92 0 2.755 1.79 1 4 1z"
              />
            </svg>
          </div>
        </div>
      </footer>
    </div>
  </body>,
  "container": <div>
    <nav
      class="bg-white px-2 sm:px-4 py-2.5 fixed w-full z-20 top-0 left-0 border-b border-white"
    >
      <div
        class="container flex flex-wrap items-center justify-between mx-auto"
      >
        <a
          class="flex items-center"
          href="/"
        >
          <span
            class="self-center text-[#0056D6] text-3xl font-semibold whitespace-nowrap "
          >
            Catch
          </span>
          <span
            class="self-center text-black text-3xl font-semibold whitespace-nowrap"
          >
            Up
          </span>
        </a>
        <div
          class="flex md:order-2"
        >
          <a
            href="/sign_up"
          >
            <button
              class="text-white bg-[#0056D6] hover:bg-blue-800 focus:ring-4 focus:outline-none focus:ring-blue-300 font-medium rounded-lg text-sm px-5 py-2.5 text-center mr-3 md:mr-0 dark:bg-blue-600 dark:hover:bg-[#0056D6] dark:focus:ring-blue-800"
              type="button"
            >
              Sign up
            </button>
          </a>
          <button
            aria-controls="navbar-sticky"
            aria-expanded="false"
            class="inline-flex items-center p-2 text-sm text-gray-500 rounded-lg md:hidden hover:bg-gray-100 focus:outline-none focus:ring-2 focus:ring-gray-200 dark:text-gray-400 dark:hover:bg-gray-700 dark:focus:ring-gray-600"
            data-collapse-toggle="navbar-sticky"
            type="button"
          >
            <span
              class="sr-only"
            >
              Open main menu
            </span>
            <svg
              aria-hidden="true"
              class="w-6 h-6"
              fill="currentColor"
              viewBox="0 0 20 20"
              xmlns="http://www.w3.org/2000/svg"
            >
              <path
                clipRule="evenodd"
                d="M3 5a1 1 0 011-1h12a1 1 0 110 2H4a1 1 0 01-1-1zM3 10a1 1 0 011-1h12a1 1 0 110 2H4a1 1 0 01-1-1zM3 15a1 1 0 011-1h12a1 1 0 110 2H4a1 1 0 01-1-1z"
                fillRule="evenodd"
              />
            </svg>
          </button>
        </div>
        <div
          class="items-center justify-between hidden w-full md:flex md:w-auto md:order-1"
          id="navbar-sticky"
        >
          <ul
            class="flex flex-col p-4 mt-4 border border-white rounded-lg bg-white md:flex-row md:space-x-8 md:mt-0 md:text-sm md:font-medium md:border-0 md:bg-white "
          >
            <li>
              <a
                aria-current="page"
                class="block py-2 pl-3 pr-4 text-white bg-[#0056D6] rounded md:bg-transparent md:text-[#0056D6] md:p-0 dark:text-white"
                href="/howItWorks"
              >
                How it works
              </a>
            </li>
            <li>
              <a
                class="block py-2 pl-3 pr-4 text-black rounded hover:bg-gray-100 md:hover:bg-transparent md:hover:text-[#0056D6] md:p-0 "
                href="/"
              >
                Blog
              </a>
            </li>
            <li>
              <a
                class="flex py-2 pl-3 pr-4 text-black rounded hover:bg-gray-100 md:hover:bg-transparent md:hover:text-[#0056D6] md:p-0 "
                href="/"
              >
                Company
                <svg
                  class="w-5 h-5 ml-1"
                  fill="currentColor"
                  viewBox="0 0 20 20"
                  xmlns="http://www.w3.org/2000/svg"
                >
                  <path
                    clipRule="evenodd"
                    d="M5.293 7.293a1 1 0 011.414 0L10 10.586l3.293-3.293a1 1 0 111.414 1.414l-4 4a1 1 0 01-1.414 0l-4-4a1 1 0 010-1.414z"
                    fillRule="evenodd"
                  />
                </svg>
              </a>
            </li>
            <li>
              <a
                class="block py-2 pl-3 pr-4 text-black rounded hover:bg-gray-100 md:hover:bg-transparent md:hover:text-[#0056D6] md:p-0 "
                href="/"
              >
                Features
              </a>
            </li>
          </ul>
        </div>
      </div>
    </nav>
    <section
      class="mt-[120px] lg:mt-[125px]"
    >
      <div
        class="flex flex-col justify-center items-center gap-y-3 lg:gap-y-6 mb-16 lg:mb-40"
      >
        <h2
          class="text-[#151517] font-bold text-xl lg:text-5xl"
        >
          Frequently Asked Questions
        </h2>
        <p
          class="text-[#9F9F9F] text-xs lg:text-2xl"
        >
          Everything to know about Catch - Up
        </p>
      </div>
      <div
        class="w-[90%] lg:w-6/12 m-auto"
      >
        <div
          class="block relative w-full"
        >
          <button
            class="flex justify-between items-center w-full py-4 border-b border-b-blue-gray-100 text-blue-gray-700 antialiased font-sans text-xl font-semibold leading-snug select-none hover:text-blue-gray-900 transition-colors !font-bold !text-xs lg:!text-xl !text-[#151517] !border-0 !border-[#fff]"
            type="button"
          >
            What is catch up?
            <span
              class="w-5 h-5 ml-4"
            >
              <svg
                class=" h-5 w-5 transition-transform text-[#0056D6] border border-solid border-[#0056D6] p-1 rounded-full "
                fill="none"
                stroke="currentColor"
                stroke-width="2"
                viewBox="0 0 24 24"
                xmlns="http://www.w3.org/2000/svg"
              >
                <path
                  d="M19 9l-7 7-7-7"
                  stroke-linecap="round"
                  stroke-linejoin="round"
                />
              </svg>
            </span>
          </button>
          <div
            class="overflow-hidden"
            style="height: 0px;"
          >
            <div
              class="block w-full py-4 text-gray-700 antialiased font-sans text-sm font-light leading-normal !text-[#616161] !text-[10px] lg:!text-sm"
              style="opacity: 0;"
            >
              It is an invitation, gathering, hangout management tool. it enables you to easily send, manage, vote, and receive invitations seamlessly.
            </div>
          </div>
        </div>
        <div
          class="block relative w-full"
        >
          <button
            class="flex justify-between items-center w-full py-4 border-b border-b-blue-gray-100 text-blue-gray-700 antialiased font-sans text-xl font-semibold leading-snug select-none hover:text-blue-gray-900 transition-colors !font-bold !text-xs lg:!text-xl !text-[#151517] !border-0 !border-[#fff]"
            type="button"
          >
            How do i create an invitation?
            <span
              class="w-5 h-5 ml-4"
            >
              <svg
                class=" h-5 w-5 transition-transform text-[#0056D6] border border-solid border-[#0056D6] p-1 rounded-full "
                fill="none"
                stroke="currentColor"
                stroke-width="2"
                viewBox="0 0 24 24"
                xmlns="http://www.w3.org/2000/svg"
              >
                <path
                  d="M19 9l-7 7-7-7"
                  stroke-linecap="round"
                  stroke-linejoin="round"
                />
              </svg>
            </span>
          </button>
          <div
            class="overflow-hidden"
            style="height: 0px;"
          >
            <div
              class="block w-full py-4 text-gray-700 antialiased font-sans text-sm font-light leading-normal !text-[#616161] !text-[10px] lg:!text-sm"
              style="opacity: 0;"
            >
              Please click on the New (+) at the bottom of the screen to start a new invitation or request a vote on time or location, fill all required fileds, and make sure to have at least one person invited to complete the process.
            </div>
          </div>
        </div>
        <div
          class="block relative w-full"
        >
          <button
            class="flex justify-between items-center w-full py-4 border-b border-b-blue-gray-100 text-blue-gray-700 antialiased font-sans text-xl font-semibold leading-snug select-none hover:text-blue-gray-900 transition-colors !font-bold !text-xs lg:!text-xl !text-[#151517] !border-0 !border-[#fff] !text-left"
            type="button"
          >
            Can I change my mind about an invitation I received?
            <span
              class="w-5 h-5 ml-4"
            >
              <svg
                class=" h-5 w-5 transition-transform text-[#0056D6] border border-solid border-[#0056D6] p-1 rounded-full "
                fill="none"
                stroke="currentColor"
                stroke-width="2"
                viewBox="0 0 24 24"
                xmlns="http://www.w3.org/2000/svg"
              >
                <path
                  d="M19 9l-7 7-7-7"
                  stroke-linecap="round"
                  stroke-linejoin="round"
                />
              </svg>
            </span>
          </button>
          <div
            class="overflow-hidden"
            style="height: 0px;"
          >
            <div
              class="block w-full py-4 text-gray-700 antialiased font-sans text-sm font-light leading-normal !text-[#616161] !text-[10px] lg:!text-sm"
              style="opacity: 0;"
            >
              Yes, you can reselect another reply to your received invitations if the event did not start yet. Once the event starts, you cannot change your reply
            </div>
          </div>
        </div>
        <div
          class="block relative w-full"
        >
          <button
            class="flex justify-between items-center w-full py-4 border-b border-b-blue-gray-100 text-blue-gray-700 antialiased font-sans text-xl font-semibold leading-snug select-none hover:text-blue-gray-900 transition-colors !font-bold !text-xs lg:!text-xl !text-[#151517] !border-0 !border-[#fff]"
            type="button"
          >
            Who should use catchup?
            <span
              class="w-5 h-5 ml-4"
            >
              <svg
                class=" h-5 w-5 transition-transform text-[#0056D6] border border-solid border-[#0056D6] p-1 rounded-full "
                fill="none"
                stroke="currentColor"
                stroke-width="2"
                viewBox="0 0 24 24"
                xmlns="http://www.w3.org/2000/svg"
              >
                <path
                  d="M19 9l-7 7-7-7"
                  stroke-linecap="round"
                  stroke-linejoin="round"
                />
              </svg>
            </span>
          </button>
          <div
            class="overflow-hidden"
            style="height: 0px;"
          >
            <div
              class="block w-full py-4 text-gray-700 antialiased font-sans text-sm font-light leading-normal !text-[#616161] !text-[10px] lg:!text-sm"
              style="opacity: 0;"
            >
              Anyone  struggling with their social life, trying to figure  out what works for them and their guest/friends. Now they can instantly find out when their friends are all free and make plans on the spot.
            </div>
          </div>
        </div>
        <div
          class="block relative w-full"
        >
          <button
            class="flex justify-between items-center w-full py-4 border-b border-b-blue-gray-100 text-blue-gray-700 antialiased font-sans text-xl font-semibold leading-snug select-none hover:text-blue-gray-900 transition-colors !font-bold !text-xs lg:!text-xl !text-[#151517] !border-0 !border-[#fff]"
            type="button"
          >
            How do I get help?
            <span
              class="w-5 h-5 ml-4"
            >
              <svg
                class=" h-5 w-5 transition-transform text-[#0056D6] border border-solid border-[#0056D6] p-1 rounded-full "
                fill="none"
                stroke="currentColor"
                stroke-width="2"
                viewBox="0 0 24 24"
                xmlns="http://www.w3.org/2000/svg"
              >
                <path
                  d="M19 9l-7 7-7-7"
                  stroke-linecap="round"
                  stroke-linejoin="round"
                />
              </svg>
            </span>
          </button>
          <div
            class="overflow-hidden"
            style="height: 0px;"
          >
            <div
              class="block w-full py-4 text-gray-700 antialiased font-sans text-sm font-light leading-normal !text-[#616161] !text-[10px] lg:!text-sm"
              style="opacity: 0;"
            >
              We have a live chat, offering support as fast as possible. Otherwise, you can always email us at support@catchup.com, and will get back to you within 24 hours.
            </div>
          </div>
        </div>
        <div
          class="block relative w-full"
        >
          <button
            class="flex justify-between items-center w-full py-4 border-b border-b-blue-gray-100 text-blue-gray-700 antialiased font-sans text-xl font-semibold leading-snug select-none hover:text-blue-gray-900 transition-colors !font-bold !text-xs lg:!text-xl !text-[#151517] !border-0 !border-[#fff]"
            type="button"
          >
            Can I add an event to my calendar?
            <span
              class="w-5 h-5 ml-4"
            >
              <svg
                class=" h-5 w-5 transition-transform text-[#0056D6] border border-solid border-[#0056D6] p-1 rounded-full "
                fill="none"
                stroke="currentColor"
                stroke-width="2"
                viewBox="0 0 24 24"
                xmlns="http://www.w3.org/2000/svg"
              >
                <path
                  d="M19 9l-7 7-7-7"
                  stroke-linecap="round"
                  stroke-linejoin="round"
                />
              </svg>
            </span>
          </button>
          <div
            class="overflow-hidden"
            style="height: 0px;"
          >
            <div
              class="block w-full py-4 text-gray-700 antialiased font-sans text-sm font-light leading-normal !text-[#616161] !text-[10px] lg:!text-sm"
              style="opacity: 0;"
            >
              Catch up would ask to get permission to your calender, If you allowed access, then events will be added to your calendar using the time zone of the location of the even
            </div>
          </div>
        </div>
        <div
          class="block relative w-full"
        >
          <button
            class="flex justify-between items-center w-full py-4 border-b border-b-blue-gray-100 text-blue-gray-700 antialiased font-sans text-xl font-semibold leading-snug select-none hover:text-blue-gray-900 transition-colors !font-bold !text-xs lg:!text-xl !text-[#151517] !border-0 !border-[#fff] !text-left"
            type="button"
          >
            Do I need to download the app to create or receive invite?
            <span
              class="w-5 h-5 ml-4"
            >
              <svg
                class=" h-5 w-5 transition-transform text-[#0056D6] border border-solid border-[#0056D6] p-1 rounded-full "
                fill="none"
                stroke="currentColor"
                stroke-width="2"
                viewBox="0 0 24 24"
                xmlns="http://www.w3.org/2000/svg"
              >
                <path
                  d="M19 9l-7 7-7-7"
                  stroke-linecap="round"
                  stroke-linejoin="round"
                />
              </svg>
            </span>
          </button>
          <div
            class="overflow-hidden"
            style="height: 0px;"
          >
            <div
              class="block w-full py-4 text-gray-700 antialiased font-sans text-sm font-light leading-normal !text-[#616161] !text-[10px] lg:!text-sm"
              style="opacity: 0;"
            >
              No, you don’t need to download  to create an invite. With access to your mobile phone or desktop that has internet you can utilize all the fuctions and features of the app.
            </div>
          </div>
        </div>
        <div
          class="block relative w-full"
        >
          <button
            class="flex justify-between items-center w-full py-4 border-b border-b-blue-gray-100 text-blue-gray-700 antialiased font-sans text-xl font-semibold leading-snug select-none hover:text-blue-gray-900 transition-colors !font-bold !text-xs lg:!text-xl !text-[#151517] !border-0 !border-[#fff]"
            type="button"
          >
            Can I invite friends from my contact list?
            <span
              class="w-5 h-5 ml-4"
            >
              <svg
                class=" h-5 w-5 transition-transform text-[#0056D6] border border-solid border-[#0056D6] p-1 rounded-full "
                fill="none"
                stroke="currentColor"
                stroke-width="2"
                viewBox="0 0 24 24"
                xmlns="http://www.w3.org/2000/svg"
              >
                <path
                  d="M19 9l-7 7-7-7"
                  stroke-linecap="round"
                  stroke-linejoin="round"
                />
              </svg>
            </span>
          </button>
          <div
            class="overflow-hidden"
            style="height: 0px;"
          >
            <div
              class="block w-full py-4 text-gray-700 antialiased font-sans text-sm font-light leading-normal !text-[#616161] !text-[10px] lg:!text-sm"
              style="opacity: 0;"
            >
              Catch up would ask to get permission from your contact list, if contact is allowed access, then you can add your contact to catch up.
            </div>
          </div>
        </div>
      </div>
      <div
        class="mt-[64px] mb-[60px] lg:mb-[108px] lg:mt-[137px] w-[90%] lg:w-[80%] mx-auto bg-[#E7F0FF] rounded flex flex-col justify-center items-center gap-y-[10px] lg:gap-y-6 py-5"
      >
        <div
          class="w-[46px] lg:w-[82px] h-15px lg:h-[30px]"
        >
          <img
            alt=""
            src="faq-models.png"
          />
        </div>
        <h3
          class="text-[#151517] font-bold text-xs lg:text-xl"
        >
          Still have questions?
        </h3>
        <p
          class="text-[#717172] text-[6px] lg:text-lg"
        >
          Can’t find the answer you’re looking for? Please, visit the Help Center for more help
        </p>
        <button
          class="bg-[#0056D6] rounded py-2.5 lg:py-3 px-6 lg:px-8 text-[#fff] font-bold text-sm lg:text-xl"
          type="button"
        >
          Get in touch
        </button>
      </div>
    </section>
    <footer
      class="bg-[#0056D6]"
    >
      <div
        class="mx-auto lg:mx-24 grid grid-cols-2 gap-8 py-8 px-6 md:grid-cols-5"
      >
        <div>
          <a
            class="flex items-center"
            href="/"
          >
            <span
              class="self-center text-white text-3xl font-semibold whitespace-nowrap "
            >
              Catch
            </span>
            <span
              class="self-center text-black text-3xl font-semibold whitespace-nowrap"
            >
              Up
            </span>
          </a>
        </div>
        <div>
          <h2
            class="mb-3 lg:mb-6 text-sm font-semibold text-gray-100 uppercase"
          >
            Company
          </h2>
          <ul
            class="text-gray-100"
          >
            <li
              class="mb-1 lg:mb-4"
            >
              <a
                class=" hover:underline"
                href="/"
              >
                Careers
              </a>
            </li>
            <li
              class="mb-1 lg:mb-4"
            >
              <a
                class=" hover:underline"
                href="/"
              >
                About us
              </a>
            </li>
            <li
              class="mb-1 lg:mb-4"
            >
              <a
                class=" hover:underline"
                href="/"
              >
                Contact us
              </a>
            </li>
            <li
              class="mb-1 lg:mb-4"
            >
              <a
                class=" hover:underline"
                href="/"
              >
                Partner with us
              </a>
            </li>
          </ul>
        </div>
        <div>
          <h2
            class="mb-3 lg:mb-6 text-sm font-semibold text-gray-100 uppercase"
          >
            Help center
          </h2>
          <ul
            class="text-gray-100"
          >
            <li
              class="mb-1 lg:mb-4"
            >
              <a
                class=" hover:underline"
                href="/"
              >
                Blogs
              </a>
            </li>
            <li
              class="mb-1 lg:mb-4"
            >
              <a
                class=" hover:underline"
                href="/"
              >
                Webinars
              </a>
            </li>
            <li
              class="mb-1 lg:mb-4"
            >
              <a
                class=" hover:underline"
                href="/"
              >
                How it works
              </a>
            </li>
          </ul>
        </div>
        <div>
          <h2
            class="mb-3 lg:mb-6 text-sm font-semibold text-gray-100 uppercase"
          >
            Legal
          </h2>
          <ul
            class="text-gray-100"
          >
            <li
              class="mb-1 lg:mb-4"
            >
              <a
                class=" hover:underline"
                href="/"
              >
                Security
              </a>
            </li>
            <li
              class="mb-1 lg:mb-4"
            >
              <a
                class=" hover:underline"
                href="/"
              >
                Privacy policy
              </a>
            </li>
            <li
              class="mb-1 lg:mb-4"
            >
              <a
                class=" hover:underline"
                href="/"
              >
                Cookies Setting
              </a>
            </li>
            <li
              class="mb-1 lg:mb-4"
            >
              <a
                class=" hover:underline"
                href="/"
              >
                Terms & Conditions
              </a>
            </li>
          </ul>
        </div>
        <div>
          <h2
            class="mb-3 lg:mb-6 text-sm font-semibold text-gray-100 uppercase"
          >
            Download
          </h2>
          <ul
            class="text-gray-100"
          >
            <li
              class="mb-1 lg:mb-4"
            >
              <a
                class=" hover:underline"
                href="/"
              >
                FAQs
              </a>
            </li>
            <li
              class="mb-1 lg:mb-4"
            >
              <a
                class=" hover:underline"
                href="/"
              >
                Help Center
              </a>
            </li>
            <li
              class="mb-1 lg:mb-4"
            >
              <a
                class=" hover:underline"
                href="/"
              >
                Customer support
              </a>
            </li>
          </ul>
        </div>
      </div>
      <div
        class="mx-auto lg:mx-24 py-6 px-4 md:flex md:items-center md:justify-between"
      >
        <span
          class="text-md text-gray-100 sm:text-center"
        >
          © 2022
          <a
            href="/"
          >
            TEAM PRYBAR™
          </a>
          . All Rights Reserved.
        </span>
        <div
          class="flex mt-1 text-md text-white space-x-6 sm:justify-center md:mt-0"
        >
          Made with love
          <svg
            fill="currentColor"
            height="1em"
            stroke="currentColor"
            stroke-width="0"
            viewBox="0 0 16 16"
            width="1em"
            xmlns="http://www.w3.org/2000/svg"
          >
            <path
              d="M4 1c2.21 0 4 1.755 4 3.92C8 2.755 9.79 1 12 1s4 1.755 4 3.92c0 3.263-3.234 4.414-7.608 9.608a.513.513 0 0 1-.784 0C3.234 9.334 0 8.183 0 4.92 0 2.755 1.79 1 4 1z"
            />
          </svg>
        </div>
      </div>
    </footer>
  </div>,
  "debug": [Function],
  "findAllByAltText": [Function],
  "findAllByDisplayValue": [Function],
  "findAllByLabelText": [Function],
  "findAllByPlaceholderText": [Function],
  "findAllByRole": [Function],
  "findAllByTestId": [Function],
  "findAllByText": [Function],
  "findAllByTitle": [Function],
  "findByAltText": [Function],
  "findByDisplayValue": [Function],
  "findByLabelText": [Function],
  "findByPlaceholderText": [Function],
  "findByRole": [Function],
  "findByTestId": [Function],
  "findByText": [Function],
  "findByTitle": [Function],
  "getAllByAltText": [Function],
  "getAllByDisplayValue": [Function],
  "getAllByLabelText": [Function],
  "getAllByPlaceholderText": [Function],
  "getAllByRole": [Function],
  "getAllByTestId": [Function],
  "getAllByText": [Function],
  "getAllByTitle": [Function],
  "getByAltText": [Function],
  "getByDisplayValue": [Function],
  "getByLabelText": [Function],
  "getByPlaceholderText": [Function],
  "getByRole": [Function],
  "getByTestId": [Function],
  "getByText": [Function],
  "getByTitle": [Function],
  "queryAllByAltText": [Function],
  "queryAllByDisplayValue": [Function],
  "queryAllByLabelText": [Function],
  "queryAllByPlaceholderText": [Function],
  "queryAllByRole": [Function],
  "queryAllByTestId": [Function],
  "queryAllByText": [Function],
  "queryAllByTitle": [Function],
  "queryByAltText": [Function],
  "queryByDisplayValue": [Function],
  "queryByLabelText": [Function],
  "queryByPlaceholderText": [Function],
  "queryByRole": [Function],
  "queryByTestId": [Function],
  "queryByText": [Function],
  "queryByTitle": [Function],
  "rerender": [Function],
  "unmount": [Function],
}
`;
